// Jest Snapshot v1, https://goo.gl/fbAQLP

exports[`Loading component renders Loading 1`] = `
<DocumentFragment>
  <div
    class="frame"
  >
    <img
      alt="loading"
      src="http://static.demilked.com/wp-content/uploads/2016/06/gif-animations-replace-loading-screen-2.gif"
    />
  </div>
</DocumentFragment>
`;
